[25-Sep-2026 16:54:35 UTC] fp_debug_navigation_block: {"attrs":{"ref":17,"textColor":"almostblack","backgroundColor":"white","submenuVisibility":"click","icon":"menu","style":{"spacing":{"blockGap":"36px"},"layout":{"selfStretch":"fit","flexSize":null}},"fontSize":"small","layout":{"type":"flex","justifyContent":"left"}},"innerBlocks":[],"inner":""}
[25-Sep-2026 16:54:38 UTC] fp_debug_navigation_block: {"attrs":{"ref":17,"textColor":"almostblack","backgroundColor":"white","submenuVisibility":"click","icon":"menu","style":{"spacing":{"blockGap":"36px"},"layout":{"selfStretch":"fit","flexSize":null}},"fontSize":"small","layout":{"type":"flex","justifyContent":"left"}},"innerBlocks":[],"inner":""}
[25-Sep-2026 16:54:43 UTC] fp_debug_navigation_block: {"attrs":{"ref":17,"textColor":"almostblack","backgroundColor":"white","submenuVisibility":"click","icon":"menu","style":{"spacing":{"blockGap":"36px"},"layout":{"selfStretch":"fit","flexSize":null}},"fontSize":"small","layout":{"type":"flex","justifyContent":"left"}},"innerBlocks":[],"inner":""}
[25-Sep-2026 16:55:18 UTC] fp_debug_navigation_block: {"attrs":{"ref":17,"textColor":"almostblack","backgroundColor":"white","submenuVisibility":"click","icon":"menu","style":{"spacing":{"blockGap":"36px"},"layout":{"selfStretch":"fit","flexSize":null}},"fontSize":"small","layout":{"type":"flex","justifyContent":"left"}},"innerBlocks":[],"inner":""}
[25-Sep-2026 16:55:22 UTC] fp_debug_navigation_block: {"attrs":{"ref":17,"textColor":"almostblack","backgroundColor":"white","submenuVisibility":"click","icon":"menu","style":{"spacing":{"blockGap":"36px"},"layout":{"selfStretch":"fit","flexSize":null}},"fontSize":"small","layout":{"type":"flex","justifyContent":"left"}},"innerBlocks":[],"inner":""}
[25-Sep-2026 17:05:47 UTC] fp_debug_navigation_block: {"attrs":{"ref":17,"textColor":"almostblack","backgroundColor":"white","submenuVisibility":"click","icon":"menu","style":{"spacing":{"blockGap":"36px"},"layout":{"selfStretch":"fit","flexSize":null}},"fontSize":"small","layout":{"type":"flex","justifyContent":"left"}},"innerBlocks":[],"inner":""}
[25-Sep-2026 17:05:47 UTC] fp_debug_navigation_block: {"attrs":{"ref":17,"textColor":"almostblack","backgroundColor":"white","submenuVisibility":"click","icon":"menu","style":{"spacing":{"blockGap":"36px"},"layout":{"selfStretch":"fit","flexSize":null}},"fontSize":"small","layout":{"type":"flex","justifyContent":"left"}},"innerBlocks":["core\/navigation-link",null],"inner":null}
[25-Sep-2026 17:05:53 UTC] fp_debug_navigation_block: {"attrs":{"ref":17,"textColor":"almostblack","backgroundColor":"white","submenuVisibility":"click","icon":"menu","style":{"spacing":{"blockGap":"36px"},"layout":{"selfStretch":"fit","flexSize":null}},"fontSize":"small","layout":{"type":"flex","justifyContent":"left"}},"innerBlocks":[],"inner":""}
[25-Sep-2026 17:05:53 UTC] fp_debug_navigation_block: {"attrs":{"ref":17,"textColor":"almostblack","backgroundColor":"white","submenuVisibility":"click","icon":"menu","style":{"spacing":{"blockGap":"36px"},"layout":{"selfStretch":"fit","flexSize":null}},"fontSize":"small","layout":{"type":"flex","justifyContent":"left"}},"innerBlocks":["core\/navigation-link",null],"inner":null}
[25-Sep-2026 17:05:56 UTC] fp_debug_navigation_block: {"attrs":{"ref":17,"textColor":"almostblack","backgroundColor":"white","submenuVisibility":"click","icon":"menu","style":{"spacing":{"blockGap":"36px"},"layout":{"selfStretch":"fit","flexSize":null}},"fontSize":"small","layout":{"type":"flex","justifyContent":"left"}},"innerBlocks":[],"inner":""}
[25-Sep-2026 17:05:56 UTC] fp_debug_navigation_block: {"attrs":{"ref":17,"textColor":"almostblack","backgroundColor":"white","submenuVisibility":"click","icon":"menu","style":{"spacing":{"blockGap":"36px"},"layout":{"selfStretch":"fit","flexSize":null}},"fontSize":"small","layout":{"type":"flex","justifyContent":"left"}},"innerBlocks":["core\/navigation-link",null],"inner":null}
[25-Sep-2026 17:06:02 UTC] fp_debug_navigation_block: {"attrs":{"ref":17,"textColor":"almostblack","backgroundColor":"white","submenuVisibility":"click","icon":"menu","style":{"spacing":{"blockGap":"36px"},"layout":{"selfStretch":"fit","flexSize":null}},"fontSize":"small","layout":{"type":"flex","justifyContent":"left"}},"innerBlocks":[],"inner":""}
[25-Sep-2026 17:06:02 UTC] fp_debug_navigation_block: {"attrs":{"ref":17,"textColor":"almostblack","backgroundColor":"white","submenuVisibility":"click","icon":"menu","style":{"spacing":{"blockGap":"36px"},"layout":{"selfStretch":"fit","flexSize":null}},"fontSize":"small","layout":{"type":"flex","justifyContent":"left"}},"innerBlocks":["core\/navigation-link",null],"inner":null}
[25-Sep-2026 17:06:03 UTC] fp_debug_navigation_block: {"attrs":{"ref":17,"textColor":"almostblack","backgroundColor":"white","submenuVisibility":"click","icon":"menu","style":{"spacing":{"blockGap":"36px"},"layout":{"selfStretch":"fit","flexSize":null}},"fontSize":"small","layout":{"type":"flex","justifyContent":"left"}},"innerBlocks":[],"inner":""}
[25-Sep-2026 17:06:03 UTC] fp_debug_navigation_block: {"attrs":{"ref":17,"textColor":"almostblack","backgroundColor":"white","submenuVisibility":"click","icon":"menu","style":{"spacing":{"blockGap":"36px"},"layout":{"selfStretch":"fit","flexSize":null}},"fontSize":"small","layout":{"type":"flex","justifyContent":"left"}},"innerBlocks":["core\/navigation-link",null],"inner":null}
[25-Sep-2026 17:06:49 UTC] fp_debug_navigation_block: {"attrs":{"ref":17,"textColor":"almostblack","backgroundColor":"white","submenuVisibility":"click","icon":"menu","style":{"spacing":{"blockGap":"36px"},"layout":{"selfStretch":"fit","flexSize":null}},"fontSize":"small","layout":{"type":"flex","justifyContent":"left"}},"innerBlocks":[],"inner":""}
[25-Sep-2026 17:06:53 UTC] fp_debug_navigation_block: {"attrs":{"ref":17,"textColor":"almostblack","backgroundColor":"white","submenuVisibility":"click","icon":"menu","style":{"spacing":{"blockGap":"36px"},"layout":{"selfStretch":"fit","flexSize":null}},"fontSize":"small","layout":{"type":"flex","justifyContent":"left"}},"innerBlocks":[],"inner":""}
[25-Sep-2026 17:06:57 UTC] fp_debug_navigation_block: {"attrs":{"ref":17,"textColor":"almostblack","backgroundColor":"white","submenuVisibility":"click","icon":"menu","style":{"spacing":{"blockGap":"36px"},"layout":{"selfStretch":"fit","flexSize":null}},"fontSize":"small","layout":{"type":"flex","justifyContent":"left"}},"innerBlocks":[],"inner":""}
[25-Sep-2026 17:06:57 UTC] fp_debug_navigation_block: {"attrs":{"ref":17,"textColor":"almostblack","backgroundColor":"white","submenuVisibility":"click","icon":"menu","style":{"spacing":{"blockGap":"36px"},"layout":{"selfStretch":"fit","flexSize":null}},"fontSize":"small","layout":{"type":"flex","justifyContent":"left"}},"innerBlocks":["core\/navigation-link",null],"inner":null}
[25-Sep-2026 17:13:22 UTC] fp_debug_navigation_block: {"attrs":{"ref":17,"textColor":"almostblack","backgroundColor":"white","submenuVisibility":"click","icon":"menu","style":{"spacing":{"blockGap":"36px"},"layout":{"selfStretch":"fit","flexSize":null}},"fontSize":"small","layout":{"type":"flex","justifyContent":"left"}},"innerBlocks":[],"inner":""}
[25-Sep-2026 17:13:22 UTC] fp_debug_parsed_nav_post ref=17 parsed=[{"blockName":"core\/navigation-link","attrs":{"label":"Start","type":"page","id":2,"url":"http:\/\/fenix-portal.local\/sample-page\/","kind":"post-type","metadata":{"bindings":{"url":{"source":"core\/post-data","args":{"field":"link"}}}}},"innerBlocks":[]},{"blockName":null,"attrs":[],"innerBlocks":[]},{"blockName":"core\/navigation-link","attrs":{"label":"Registrera anv\u00e4ndare","type":"page","id":22,"url":"http:\/\/fenix-portal.local\/sample-page\/","kind":"post-type","metadata":{"bindings":{"url":{"source":"core\/post-data","args":{"field":"link"}}}},"className":"admin-only"},"innerBlocks":[]}]
[25-Sep-2026 17:13:22 UTC] fp_debug_navigation_block: {"attrs":{"ref":17,"textColor":"almostblack","backgroundColor":"white","submenuVisibility":"click","icon":"menu","style":{"spacing":{"blockGap":"36px"},"layout":{"selfStretch":"fit","flexSize":null}},"fontSize":"small","layout":{"type":"flex","justifyContent":"left"}},"innerBlocks":["core\/navigation-link",null],"inner":null}
[25-Sep-2026 17:14:31 UTC] fp_debug_navigation_block: {"attrs":{"ref":17,"textColor":"almostblack","backgroundColor":"white","submenuVisibility":"click","icon":"menu","style":{"spacing":{"blockGap":"36px"},"layout":{"selfStretch":"fit","flexSize":null}},"fontSize":"small","layout":{"type":"flex","justifyContent":"left"}},"innerBlocks":[],"inner":""}
[25-Sep-2026 17:14:31 UTC] fp_debug_parsed_nav_post ref=17 parsed=[{"blockName":"core\/navigation-link","attrs":{"label":"Start","type":"page","id":2,"url":"http:\/\/fenix-portal.local\/sample-page\/","kind":"post-type","metadata":{"bindings":{"url":{"source":"core\/post-data","args":{"field":"link"}}}}},"innerBlocks":[]},{"blockName":null,"attrs":[],"innerBlocks":[]},{"blockName":"core\/navigation-link","attrs":{"label":"Registrera anv\u00e4ndare","type":"page","id":22,"url":"http:\/\/fenix-portal.local\/sample-page\/","kind":"post-type","metadata":{"bindings":{"url":{"source":"core\/post-data","args":{"field":"link"}}}},"className":"admin-only"},"innerBlocks":[]}]
[25-Sep-2026 17:14:31 UTC] fp_debug_navigation_block: {"attrs":{"ref":17,"textColor":"almostblack","backgroundColor":"white","submenuVisibility":"click","icon":"menu","style":{"spacing":{"blockGap":"36px"},"layout":{"selfStretch":"fit","flexSize":null}},"fontSize":"small","layout":{"type":"flex","justifyContent":"left"}},"innerBlocks":["core\/navigation-link",null],"inner":null}
[25-Sep-2026 19:19:04 UTC] Cron reschedule event error for hook: wp_privacy_delete_old_export_files, Error code: could_not_set, Error message: The cron event list could not be saved., Data: {"schedule":"hourly","args":[],"interval":3600}
[26-Sep-2026 09:21:11 UTC] Cron reschedule event error for hook: wp_privacy_delete_old_export_files, Error code: could_not_set, Error message: The cron event list could not be saved., Data: {"schedule":"hourly","args":[],"interval":3600}
[28-Sep-2026 13:50:17 UTC] PHP Parse error:  syntax error, unexpected token "<" in C:\Users\ÄGAREN\Local Sites\fenix-portal\app\public\wp-content\themes\ollie-child\functions.php on line 198
[28-Sep-2026 13:50:18 UTC] PHP Parse error:  syntax error, unexpected token "<" in C:\Users\ÄGAREN\Local Sites\fenix-portal\app\public\wp-content\themes\ollie-child\functions.php on line 198
[29-Sep-2026 07:08:29 UTC] PHP Parse error:  syntax error, unexpected identifier "all_users" in C:\Users\ÄGAREN\Local Sites\fenix-portal\app\public\wp-content\themes\ollie-child\functions.php on line 387
[29-Sep-2026 07:08:29 UTC] PHP Parse error:  syntax error, unexpected identifier "all_users" in C:\Users\ÄGAREN\Local Sites\fenix-portal\app\public\wp-content\themes\ollie-child\functions.php on line 387
[29-Sep-2026 07:09:34 UTC] PHP Parse error:  syntax error, unexpected identifier "all_users" in C:\Users\ÄGAREN\Local Sites\fenix-portal\app\public\wp-content\themes\ollie-child\functions.php on line 387
[29-Sep-2026 07:09:46 UTC] PHP Parse error:  syntax error, unexpected identifier "all_users" in C:\Users\ÄGAREN\Local Sites\fenix-portal\app\public\wp-content\themes\ollie-child\functions.php on line 387
[29-Sep-2026 07:11:24 UTC] PHP Parse error:  syntax error, unexpected token "}" in C:\Users\ÄGAREN\Local Sites\fenix-portal\app\public\wp-content\themes\ollie-child\functions.php on line 383
[29-Sep-2026 07:11:35 UTC] PHP Parse error:  syntax error, unexpected token "}" in C:\Users\ÄGAREN\Local Sites\fenix-portal\app\public\wp-content\themes\ollie-child\functions.php on line 383
[29-Sep-2026 07:11:47 UTC] PHP Parse error:  syntax error, unexpected token "}" in C:\Users\ÄGAREN\Local Sites\fenix-portal\app\public\wp-content\themes\ollie-child\functions.php on line 383
[29-Sep-2026 07:15:12 UTC] PHP Parse error:  syntax error, unexpected token "}" in C:\Users\ÄGAREN\Local Sites\fenix-portal\app\public\wp-content\themes\ollie-child\functions.php on line 383
[29-Sep-2026 07:15:31 UTC] PHP Parse error:  syntax error, unexpected token "}" in C:\Users\ÄGAREN\Local Sites\fenix-portal\app\public\wp-content\themes\ollie-child\functions.php on line 383
[29-Sep-2026 07:15:33 UTC] PHP Parse error:  syntax error, unexpected token "}" in C:\Users\ÄGAREN\Local Sites\fenix-portal\app\public\wp-content\themes\ollie-child\functions.php on line 383
[29-Sep-2026 07:15:37 UTC] PHP Parse error:  syntax error, unexpected token "}" in C:\Users\ÄGAREN\Local Sites\fenix-portal\app\public\wp-content\themes\ollie-child\functions.php on line 383
[29-Sep-2026 07:15:45 UTC] PHP Parse error:  syntax error, unexpected token "}" in C:\Users\ÄGAREN\Local Sites\fenix-portal\app\public\wp-content\themes\ollie-child\functions.php on line 383
[29-Sep-2026 07:15:47 UTC] PHP Parse error:  syntax error, unexpected token "}" in C:\Users\ÄGAREN\Local Sites\fenix-portal\app\public\wp-content\themes\ollie-child\functions.php on line 383
[29-Sep-2026 07:15:49 UTC] PHP Parse error:  syntax error, unexpected token "}" in C:\Users\ÄGAREN\Local Sites\fenix-portal\app\public\wp-content\themes\ollie-child\functions.php on line 383
[29-Sep-2026 10:00:44 UTC] PHP Fatal error:  Uncaught TypeError: call_user_func_array(): Argument #1 ($callback) must be a valid callback, function "fenix_register_member_meta" not found or invalid function name in C:\Users\ÄGAREN\Local Sites\fenix-portal\app\public\wp-includes\class-wp-hook.php:353
Stack trace:
#0 C:\Users\ÄGAREN\Local Sites\fenix-portal\app\public\wp-includes\class-wp-hook.php(377): WP_Hook->apply_filters(NULL, Array)
#1 C:\Users\ÄGAREN\Local Sites\fenix-portal\app\public\wp-includes\plugin.php(523): WP_Hook->do_action(Array)
#2 C:\Users\ÄGAREN\Local Sites\fenix-portal\app\public\wp-settings.php(779): do_action('init')
#3 C:\Users\ÄGAREN\Local Sites\fenix-portal\app\public\wp-config.php(103): require_once('C:\\Users\\\xC3\x84GARE...')
#4 C:\Users\ÄGAREN\Local Sites\fenix-portal\app\public\wp-load.php(50): require_once('C:\\Users\\\xC3\x84GARE...')
#5 C:\Users\ÄGAREN\Local Sites\fenix-portal\app\public\wp-admin\admin.php(35): require_once('C:\\Users\\\xC3\x84GARE...')
#6 C:\Users\ÄGAREN\Local Sites\fenix-portal\app\public\wp-admin\users.php(11): require_once('C:\\Users\\\xC3\x84GARE...')
#7 {main}
  thrown in C:\Users\ÄGAREN\Local Sites\fenix-portal\app\public\wp-includes\class-wp-hook.php on line 353
[29-Sep-2026 10:03:07 UTC] PHP Fatal error:  Uncaught TypeError: call_user_func_array(): Argument #1 ($callback) must be a valid callback, function "fenix_register_member_meta" not found or invalid function name in C:\Users\ÄGAREN\Local Sites\fenix-portal\app\public\wp-includes\class-wp-hook.php:353
Stack trace:
#0 C:\Users\ÄGAREN\Local Sites\fenix-portal\app\public\wp-includes\class-wp-hook.php(377): WP_Hook->apply_filters(NULL, Array)
#1 C:\Users\ÄGAREN\Local Sites\fenix-portal\app\public\wp-includes\plugin.php(523): WP_Hook->do_action(Array)
#2 C:\Users\ÄGAREN\Local Sites\fenix-portal\app\public\wp-settings.php(779): do_action('init')
#3 C:\Users\ÄGAREN\Local Sites\fenix-portal\app\public\wp-config.php(103): require_once('C:\\Users\\\xC3\x84GARE...')
#4 C:\Users\ÄGAREN\Local Sites\fenix-portal\app\public\wp-load.php(50): require_once('C:\\Users\\\xC3\x84GARE...')
#5 C:\Users\ÄGAREN\Local Sites\fenix-portal\app\public\wp-admin\admin-ajax.php(22): require_once('C:\\Users\\\xC3\x84GARE...')
#6 {main}
  thrown in C:\Users\ÄGAREN\Local Sites\fenix-portal\app\public\wp-includes\class-wp-hook.php on line 353
[29-Sep-2026 10:03:09 UTC] PHP Fatal error:  Uncaught TypeError: call_user_func_array(): Argument #1 ($callback) must be a valid callback, function "fenix_register_member_meta" not found or invalid function name in C:\Users\ÄGAREN\Local Sites\fenix-portal\app\public\wp-includes\class-wp-hook.php:353
Stack trace:
#0 C:\Users\ÄGAREN\Local Sites\fenix-portal\app\public\wp-includes\class-wp-hook.php(377): WP_Hook->apply_filters(NULL, Array)
#1 C:\Users\ÄGAREN\Local Sites\fenix-portal\app\public\wp-includes\plugin.php(523): WP_Hook->do_action(Array)
#2 C:\Users\ÄGAREN\Local Sites\fenix-portal\app\public\wp-settings.php(779): do_action('init')
#3 C:\Users\ÄGAREN\Local Sites\fenix-portal\app\public\wp-config.php(103): require_once('C:\\Users\\\xC3\x84GARE...')
#4 C:\Users\ÄGAREN\Local Sites\fenix-portal\app\public\wp-load.php(50): require_once('C:\\Users\\\xC3\x84GARE...')
#5 C:\Users\ÄGAREN\Local Sites\fenix-portal\app\public\wp-admin\admin.php(35): require_once('C:\\Users\\\xC3\x84GARE...')
#6 C:\Users\ÄGAREN\Local Sites\fenix-portal\app\public\wp-admin\users.php(11): require_once('C:\\Users\\\xC3\x84GARE...')
#7 {main}
  thrown in C:\Users\ÄGAREN\Local Sites\fenix-portal\app\public\wp-includes\class-wp-hook.php on line 353
[29-Sep-2026 10:45:33 UTC] PHP Parse error:  syntax error, unexpected token ":", expecting ")" in C:\Users\ÄGAREN\Local Sites\fenix-portal\app\public\wp-content\themes\ollie-child\functions.php on line 382
[29-Sep-2026 10:45:40 UTC] PHP Parse error:  syntax error, unexpected token ":", expecting ")" in C:\Users\ÄGAREN\Local Sites\fenix-portal\app\public\wp-content\themes\ollie-child\functions.php on line 382
[29-Sep-2026 10:46:28 UTC] PHP Parse error:  syntax error, unexpected token ":", expecting ")" in C:\Users\ÄGAREN\Local Sites\fenix-portal\app\public\wp-content\themes\ollie-child\functions.php on line 382
[29-Sep-2026 10:46:48 UTC] PHP Parse error:  syntax error, unexpected token ":", expecting ")" in C:\Users\ÄGAREN\Local Sites\fenix-portal\app\public\wp-content\themes\ollie-child\functions.php on line 382
[29-Sep-2026 10:47:34 UTC] PHP Parse error:  syntax error, unexpected token ":", expecting ")" in C:\Users\ÄGAREN\Local Sites\fenix-portal\app\public\wp-content\themes\ollie-child\functions.php on line 382
[29-Sep-2026 10:48:29 UTC] PHP Parse error:  syntax error, unexpected token ":", expecting ")" in C:\Users\ÄGAREN\Local Sites\fenix-portal\app\public\wp-content\themes\ollie-child\functions.php on line 382
[29-Sep-2026 10:48:49 UTC] PHP Parse error:  syntax error, unexpected token ":", expecting ")" in C:\Users\ÄGAREN\Local Sites\fenix-portal\app\public\wp-content\themes\ollie-child\functions.php on line 382
[29-Sep-2026 10:49:35 UTC] PHP Parse error:  syntax error, unexpected token ";" in C:\Users\ÄGAREN\Local Sites\fenix-portal\app\public\wp-content\themes\ollie-child\functions.php on line 386
[29-Sep-2026 10:49:38 UTC] PHP Parse error:  syntax error, unexpected token ";" in C:\Users\ÄGAREN\Local Sites\fenix-portal\app\public\wp-content\themes\ollie-child\functions.php on line 386
[29-Sep-2026 10:50:30 UTC] PHP Parse error:  syntax error, unexpected token ";" in C:\Users\ÄGAREN\Local Sites\fenix-portal\app\public\wp-content\themes\ollie-child\functions.php on line 386
[29-Sep-2026 10:50:50 UTC] PHP Parse error:  syntax error, unexpected token ";" in C:\Users\ÄGAREN\Local Sites\fenix-portal\app\public\wp-content\themes\ollie-child\functions.php on line 386
[29-Sep-2026 10:51:24 UTC] PHP Parse error:  syntax error, unexpected token ":", expecting ")" in C:\Users\ÄGAREN\Local Sites\fenix-portal\app\public\wp-content\themes\ollie-child\functions.php on line 382
[29-Sep-2026 10:51:36 UTC] PHP Parse error:  syntax error, unexpected token ":", expecting ")" in C:\Users\ÄGAREN\Local Sites\fenix-portal\app\public\wp-content\themes\ollie-child\functions.php on line 382
[29-Sep-2026 10:52:31 UTC] PHP Parse error:  syntax error, unexpected token ":", expecting ")" in C:\Users\ÄGAREN\Local Sites\fenix-portal\app\public\wp-content\themes\ollie-child\functions.php on line 382
[29-Sep-2026 10:52:51 UTC] PHP Parse error:  syntax error, unexpected token ":", expecting ")" in C:\Users\ÄGAREN\Local Sites\fenix-portal\app\public\wp-content\themes\ollie-child\functions.php on line 382
[29-Sep-2026 10:53:37 UTC] PHP Parse error:  syntax error, unexpected token ":", expecting ")" in C:\Users\ÄGAREN\Local Sites\fenix-portal\app\public\wp-content\themes\ollie-child\functions.php on line 382
[29-Sep-2026 10:54:32 UTC] PHP Parse error:  syntax error, unexpected token ":", expecting ")" in C:\Users\ÄGAREN\Local Sites\fenix-portal\app\public\wp-content\themes\ollie-child\functions.php on line 382
[29-Sep-2026 10:54:52 UTC] PHP Parse error:  syntax error, unexpected token ":", expecting ")" in C:\Users\ÄGAREN\Local Sites\fenix-portal\app\public\wp-content\themes\ollie-child\functions.php on line 382
[29-Sep-2026 10:55:38 UTC] PHP Parse error:  syntax error, unexpected token ":", expecting ")" in C:\Users\ÄGAREN\Local Sites\fenix-portal\app\public\wp-content\themes\ollie-child\functions.php on line 382
[29-Sep-2026 10:56:18 UTC] PHP Warning:  Undefined variable $website in C:\Users\ÄGAREN\Local Sites\fenix-portal\app\public\wp-content\themes\ollie-child\functions.php on line 387
[29-Sep-2026 10:56:18 UTC] PHP Warning:  Undefined variable $website in C:\Users\ÄGAREN\Local Sites\fenix-portal\app\public\wp-content\themes\ollie-child\functions.php on line 387
[29-Sep-2026 10:56:18 UTC] PHP Warning:  Undefined variable $website in C:\Users\ÄGAREN\Local Sites\fenix-portal\app\public\wp-content\themes\ollie-child\functions.php on line 387
[29-Sep-2026 10:56:18 UTC] PHP Warning:  Undefined variable $website in C:\Users\ÄGAREN\Local Sites\fenix-portal\app\public\wp-content\themes\ollie-child\functions.php on line 387
[29-Sep-2026 10:56:18 UTC] PHP Warning:  Undefined variable $website in C:\Users\ÄGAREN\Local Sites\fenix-portal\app\public\wp-content\themes\ollie-child\functions.php on line 387
[29-Sep-2026 10:57:24 UTC] PHP Warning:  Undefined variable $website in C:\Users\ÄGAREN\Local Sites\fenix-portal\app\public\wp-content\themes\ollie-child\functions.php on line 387
[29-Sep-2026 10:57:24 UTC] PHP Warning:  Undefined variable $website in C:\Users\ÄGAREN\Local Sites\fenix-portal\app\public\wp-content\themes\ollie-child\functions.php on line 387
[29-Sep-2026 10:57:24 UTC] PHP Warning:  Undefined variable $website in C:\Users\ÄGAREN\Local Sites\fenix-portal\app\public\wp-content\themes\ollie-child\functions.php on line 387
[29-Sep-2026 10:57:24 UTC] PHP Warning:  Undefined variable $website in C:\Users\ÄGAREN\Local Sites\fenix-portal\app\public\wp-content\themes\ollie-child\functions.php on line 387
[29-Sep-2026 10:57:24 UTC] PHP Warning:  Undefined variable $website in C:\Users\ÄGAREN\Local Sites\fenix-portal\app\public\wp-content\themes\ollie-child\functions.php on line 387
[29-Sep-2026 11:00:45 UTC] PHP Warning:  Undefined variable $website in C:\Users\ÄGAREN\Local Sites\fenix-portal\app\public\wp-content\themes\ollie-child\functions.php on line 387
[29-Sep-2026 11:00:45 UTC] PHP Warning:  Undefined variable $website in C:\Users\ÄGAREN\Local Sites\fenix-portal\app\public\wp-content\themes\ollie-child\functions.php on line 387
[29-Sep-2026 11:00:45 UTC] PHP Warning:  Undefined variable $website in C:\Users\ÄGAREN\Local Sites\fenix-portal\app\public\wp-content\themes\ollie-child\functions.php on line 387
[29-Sep-2026 11:00:45 UTC] PHP Warning:  Undefined variable $website in C:\Users\ÄGAREN\Local Sites\fenix-portal\app\public\wp-content\themes\ollie-child\functions.php on line 387
[29-Sep-2026 11:00:45 UTC] PHP Warning:  Undefined variable $website in C:\Users\ÄGAREN\Local Sites\fenix-portal\app\public\wp-content\themes\ollie-child\functions.php on line 387
[29-Sep-2026 11:03:07 UTC] PHP Parse error:  syntax error, unexpected token "." in C:\Users\ÄGAREN\Local Sites\fenix-portal\app\public\wp-content\themes\ollie-child\functions.php on line 386
[29-Sep-2026 11:03:42 UTC] PHP Parse error:  syntax error, unexpected token "." in C:\Users\ÄGAREN\Local Sites\fenix-portal\app\public\wp-content\themes\ollie-child\functions.php on line 386
[29-Sep-2026 11:04:37 UTC] PHP Warning:  Undefined variable $website in C:\Users\ÄGAREN\Local Sites\fenix-portal\app\public\wp-content\themes\ollie-child\functions.php on line 387
[29-Sep-2026 11:04:37 UTC] PHP Warning:  Undefined variable $website in C:\Users\ÄGAREN\Local Sites\fenix-portal\app\public\wp-content\themes\ollie-child\functions.php on line 387
[29-Sep-2026 11:04:37 UTC] PHP Warning:  Undefined variable $website in C:\Users\ÄGAREN\Local Sites\fenix-portal\app\public\wp-content\themes\ollie-child\functions.php on line 387
[29-Sep-2026 11:04:37 UTC] PHP Warning:  Undefined variable $website in C:\Users\ÄGAREN\Local Sites\fenix-portal\app\public\wp-content\themes\ollie-child\functions.php on line 387
[29-Sep-2026 11:04:37 UTC] PHP Warning:  Undefined variable $website in C:\Users\ÄGAREN\Local Sites\fenix-portal\app\public\wp-content\themes\ollie-child\functions.php on line 387
[29-Sep-2026 11:04:37 UTC] PHP Warning:  Undefined variable $website in C:\Users\ÄGAREN\Local Sites\fenix-portal\app\public\wp-content\themes\ollie-child\functions.php on line 387
[29-Sep-2026 11:04:37 UTC] PHP Warning:  Undefined variable $website in C:\Users\ÄGAREN\Local Sites\fenix-portal\app\public\wp-content\themes\ollie-child\functions.php on line 387
[29-Sep-2026 11:04:37 UTC] PHP Warning:  Undefined variable $website in C:\Users\ÄGAREN\Local Sites\fenix-portal\app\public\wp-content\themes\ollie-child\functions.php on line 387
[29-Sep-2026 11:04:37 UTC] PHP Warning:  Undefined variable $website in C:\Users\ÄGAREN\Local Sites\fenix-portal\app\public\wp-content\themes\ollie-child\functions.php on line 387
[29-Sep-2026 11:04:37 UTC] PHP Warning:  Undefined variable $website in C:\Users\ÄGAREN\Local Sites\fenix-portal\app\public\wp-content\themes\ollie-child\functions.php on line 387
[29-Sep-2026 11:09:36 UTC] PHP Parse error:  syntax error, unexpected token "." in C:\Users\ÄGAREN\Local Sites\fenix-portal\app\public\wp-content\themes\ollie-child\functions.php on line 392
[29-Sep-2026 11:09:45 UTC] PHP Parse error:  syntax error, unexpected token "." in C:\Users\ÄGAREN\Local Sites\fenix-portal\app\public\wp-content\themes\ollie-child\functions.php on line 392
[29-Sep-2026 11:10:10 UTC] PHP Parse error:  syntax error, unexpected token "." in C:\Users\ÄGAREN\Local Sites\fenix-portal\app\public\wp-content\themes\ollie-child\functions.php on line 392
[29-Sep-2026 11:10:11 UTC] PHP Parse error:  syntax error, unexpected token "." in C:\Users\ÄGAREN\Local Sites\fenix-portal\app\public\wp-content\themes\ollie-child\functions.php on line 392
[29-Sep-2026 12:53:14 UTC] PHP Warning:  Undefined variable $website in C:\Users\ÄGAREN\Local Sites\fenix-portal\app\public\wp-content\themes\ollie-child\functions.php on line 387
[29-Sep-2026 12:53:14 UTC] PHP Warning:  Undefined variable $website in C:\Users\ÄGAREN\Local Sites\fenix-portal\app\public\wp-content\themes\ollie-child\functions.php on line 387
[29-Sep-2026 12:53:14 UTC] PHP Warning:  Undefined variable $website in C:\Users\ÄGAREN\Local Sites\fenix-portal\app\public\wp-content\themes\ollie-child\functions.php on line 387
[29-Sep-2026 12:53:14 UTC] PHP Warning:  Undefined variable $website in C:\Users\ÄGAREN\Local Sites\fenix-portal\app\public\wp-content\themes\ollie-child\functions.php on line 387
[29-Sep-2026 12:53:14 UTC] PHP Warning:  Undefined variable $website in C:\Users\ÄGAREN\Local Sites\fenix-portal\app\public\wp-content\themes\ollie-child\functions.php on line 387
[29-Sep-2026 12:53:14 UTC] PHP Warning:  Undefined variable $website in C:\Users\ÄGAREN\Local Sites\fenix-portal\app\public\wp-content\themes\ollie-child\functions.php on line 387
[29-Sep-2026 12:53:14 UTC] PHP Warning:  Undefined variable $website in C:\Users\ÄGAREN\Local Sites\fenix-portal\app\public\wp-content\themes\ollie-child\functions.php on line 387
[29-Sep-2026 12:53:14 UTC] PHP Warning:  Undefined variable $website in C:\Users\ÄGAREN\Local Sites\fenix-portal\app\public\wp-content\themes\ollie-child\functions.php on line 387
[29-Sep-2026 12:53:14 UTC] PHP Warning:  Undefined variable $website in C:\Users\ÄGAREN\Local Sites\fenix-portal\app\public\wp-content\themes\ollie-child\functions.php on line 387
[29-Sep-2026 12:53:14 UTC] PHP Warning:  Undefined variable $website in C:\Users\ÄGAREN\Local Sites\fenix-portal\app\public\wp-content\themes\ollie-child\functions.php on line 387
[29-Sep-2026 13:01:31 UTC] PHP Parse error:  syntax error, unexpected variable "$profilePhoto" in C:\Users\ÄGAREN\Local Sites\fenix-portal\app\public\wp-content\themes\ollie-child\functions.php on line 371
[29-Sep-2026 13:01:31 UTC] PHP Parse error:  syntax error, unexpected variable "$profilePhoto" in C:\Users\ÄGAREN\Local Sites\fenix-portal\app\public\wp-content\themes\ollie-child\functions.php on line 371
[29-Sep-2026 13:01:58 UTC] PHP Parse error:  syntax error, unexpected variable "$profilePhoto" in C:\Users\ÄGAREN\Local Sites\fenix-portal\app\public\wp-content\themes\ollie-child\functions.php on line 371
[29-Sep-2026 13:02:05 UTC] PHP Parse error:  syntax error, unexpected token "." in C:\Users\ÄGAREN\Local Sites\fenix-portal\app\public\wp-content\themes\ollie-child\functions.php on line 377
[29-Sep-2026 13:02:05 UTC] PHP Parse error:  syntax error, unexpected token "." in C:\Users\ÄGAREN\Local Sites\fenix-portal\app\public\wp-content\themes\ollie-child\functions.php on line 377
[29-Sep-2026 13:02:21 UTC] PHP Warning:  Undefined variable $id in C:\Users\ÄGAREN\Local Sites\fenix-portal\app\public\wp-content\themes\ollie-child\functions.php on line 372
[29-Sep-2026 13:02:21 UTC] PHP Warning:  Undefined variable $id in C:\Users\ÄGAREN\Local Sites\fenix-portal\app\public\wp-content\themes\ollie-child\functions.php on line 376
[29-Sep-2026 13:02:21 UTC] PHP Warning:  Undefined variable $id in C:\Users\ÄGAREN\Local Sites\fenix-portal\app\public\wp-content\themes\ollie-child\functions.php on line 372
[29-Sep-2026 13:02:21 UTC] PHP Warning:  Undefined variable $id in C:\Users\ÄGAREN\Local Sites\fenix-portal\app\public\wp-content\themes\ollie-child\functions.php on line 376
[29-Sep-2026 13:02:21 UTC] PHP Warning:  Undefined variable $id in C:\Users\ÄGAREN\Local Sites\fenix-portal\app\public\wp-content\themes\ollie-child\functions.php on line 372
[29-Sep-2026 13:02:21 UTC] PHP Warning:  Undefined variable $id in C:\Users\ÄGAREN\Local Sites\fenix-portal\app\public\wp-content\themes\ollie-child\functions.php on line 376
[29-Sep-2026 13:02:21 UTC] PHP Warning:  Undefined variable $id in C:\Users\ÄGAREN\Local Sites\fenix-portal\app\public\wp-content\themes\ollie-child\functions.php on line 372
[29-Sep-2026 13:02:21 UTC] PHP Warning:  Undefined variable $id in C:\Users\ÄGAREN\Local Sites\fenix-portal\app\public\wp-content\themes\ollie-child\functions.php on line 376
[29-Sep-2026 13:02:21 UTC] PHP Warning:  Undefined variable $id in C:\Users\ÄGAREN\Local Sites\fenix-portal\app\public\wp-content\themes\ollie-child\functions.php on line 372
[29-Sep-2026 13:02:21 UTC] PHP Warning:  Undefined variable $id in C:\Users\ÄGAREN\Local Sites\fenix-portal\app\public\wp-content\themes\ollie-child\functions.php on line 376
[29-Sep-2026 13:12:23 UTC] PHP Parse error:  syntax error, unexpected single-quoted string "<a href="http://localhost/word..." in C:\Users\ÄGAREN\Local Sites\fenix-portal\app\public\wp-content\themes\ollie-child\functions.php on line 372
[29-Sep-2026 13:12:24 UTC] PHP Parse error:  syntax error, unexpected single-quoted string "<a href="http://localhost/word..." in C:\Users\ÄGAREN\Local Sites\fenix-portal\app\public\wp-content\themes\ollie-child\functions.php on line 372
[29-Sep-2026 18:59:00 UTC] PHP Parse error:  syntax error, unexpected token ":" in C:\Users\ÄGAREN\Local Sites\fenix-portal\app\public\wp-content\themes\ollie-child\functions.php on line 394
[29-Sep-2026 18:59:00 UTC] PHP Parse error:  syntax error, unexpected token ":" in C:\Users\ÄGAREN\Local Sites\fenix-portal\app\public\wp-content\themes\ollie-child\functions.php on line 394
[29-Sep-2026 19:00:50 UTC] PHP Parse error:  syntax error, unexpected token ":" in C:\Users\ÄGAREN\Local Sites\fenix-portal\app\public\wp-content\themes\ollie-child\functions.php on line 394
[29-Sep-2026 19:06:53 UTC] PHP Parse error:  syntax error, unexpected token "." in C:\Users\ÄGAREN\Local Sites\fenix-portal\app\public\wp-content\themes\ollie-child\functions.php on line 394
[29-Sep-2026 19:06:57 UTC] PHP Parse error:  syntax error, unexpected token "." in C:\Users\ÄGAREN\Local Sites\fenix-portal\app\public\wp-content\themes\ollie-child\functions.php on line 394
[29-Sep-2026 19:06:58 UTC] PHP Parse error:  syntax error, unexpected token "." in C:\Users\ÄGAREN\Local Sites\fenix-portal\app\public\wp-content\themes\ollie-child\functions.php on line 394
[29-Sep-2026 19:08:42 UTC] PHP Parse error:  syntax error, unexpected token "." in C:\Users\ÄGAREN\Local Sites\fenix-portal\app\public\wp-content\themes\ollie-child\functions.php on line 394
[29-Sep-2026 19:08:42 UTC] PHP Parse error:  syntax error, unexpected token "." in C:\Users\ÄGAREN\Local Sites\fenix-portal\app\public\wp-content\themes\ollie-child\functions.php on line 394
[29-Sep-2026 19:08:44 UTC] PHP Parse error:  syntax error, unexpected token "." in C:\Users\ÄGAREN\Local Sites\fenix-portal\app\public\wp-content\themes\ollie-child\functions.php on line 394
[29-Sep-2026 19:08:44 UTC] PHP Parse error:  syntax error, unexpected token "." in C:\Users\ÄGAREN\Local Sites\fenix-portal\app\public\wp-content\themes\ollie-child\functions.php on line 394
[29-Sep-2026 19:08:54 UTC] PHP Parse error:  syntax error, unexpected token "." in C:\Users\ÄGAREN\Local Sites\fenix-portal\app\public\wp-content\themes\ollie-child\functions.php on line 394
[29-Sep-2026 19:24:22 UTC] PHP Parse error:  syntax error, unexpected single-quoted string "</div>" in C:\Users\ÄGAREN\Local Sites\fenix-portal\app\public\wp-content\themes\ollie-child\functions.php on line 403
[29-Sep-2026 19:24:22 UTC] PHP Parse error:  syntax error, unexpected single-quoted string "</div>" in C:\Users\ÄGAREN\Local Sites\fenix-portal\app\public\wp-content\themes\ollie-child\functions.php on line 403
[29-Sep-2026 19:33:35 UTC] PHP Parse error:  syntax error, unexpected single-quoted string ", true );;", expecting ")" in C:\Users\ÄGAREN\Local Sites\fenix-portal\app\public\wp-content\themes\ollie-child\functions.php on line 370
[29-Sep-2026 19:33:36 UTC] PHP Parse error:  syntax error, unexpected single-quoted string ", true );;", expecting ")" in C:\Users\ÄGAREN\Local Sites\fenix-portal\app\public\wp-content\themes\ollie-child\functions.php on line 370
[29-Sep-2026 20:34:53 UTC] PHP Parse error:  syntax error, unexpected variable "$cover_url" in C:\Users\ÄGAREN\Local Sites\fenix-portal\app\public\wp-content\themes\ollie-child\functions.php on line 388
[29-Sep-2026 20:34:54 UTC] PHP Parse error:  syntax error, unexpected variable "$cover_url" in C:\Users\ÄGAREN\Local Sites\fenix-portal\app\public\wp-content\themes\ollie-child\functions.php on line 388
[29-Sep-2026 20:35:11 UTC] PHP Parse error:  syntax error, unexpected variable "$cover_url" in C:\Users\ÄGAREN\Local Sites\fenix-portal\app\public\wp-content\themes\ollie-child\functions.php on line 388
[29-Sep-2026 20:35:22 UTC] PHP Parse error:  syntax error, unexpected token "." in C:\Users\ÄGAREN\Local Sites\fenix-portal\app\public\wp-content\themes\ollie-child\functions.php on line 389
[29-Sep-2026 20:35:22 UTC] PHP Parse error:  syntax error, unexpected token "." in C:\Users\ÄGAREN\Local Sites\fenix-portal\app\public\wp-content\themes\ollie-child\functions.php on line 389
[29-Sep-2026 20:35:23 UTC] PHP Parse error:  syntax error, unexpected token "." in C:\Users\ÄGAREN\Local Sites\fenix-portal\app\public\wp-content\themes\ollie-child\functions.php on line 389
[29-Sep-2026 20:35:23 UTC] PHP Parse error:  syntax error, unexpected token "." in C:\Users\ÄGAREN\Local Sites\fenix-portal\app\public\wp-content\themes\ollie-child\functions.php on line 389
[30-Sep-2026 13:47:16 UTC] PHP Parse error:  syntax error, unexpected double-quoted string "cover = " in C:\Users\ÄGAREN\Local Sites\fenix-portal\app\public\wp-content\themes\ollie-child\functions.php on line 313
[30-Sep-2026 13:47:16 UTC] PHP Parse error:  syntax error, unexpected double-quoted string "cover = " in C:\Users\ÄGAREN\Local Sites\fenix-portal\app\public\wp-content\themes\ollie-child\functions.php on line 313
[30-Sep-2026 18:47:21 UTC] PHP Parse error:  syntax error, unexpected token "=" in C:\Users\ÄGAREN\Local Sites\fenix-portal\app\public\wp-content\themes\ollie-child\functions.php on line 273
[30-Sep-2026 18:48:28 UTC] PHP Parse error:  syntax error, unexpected token "=" in C:\Users\ÄGAREN\Local Sites\fenix-portal\app\public\wp-content\themes\ollie-child\functions.php on line 273
[30-Sep-2026 18:48:30 UTC] PHP Parse error:  syntax error, unexpected token "=" in C:\Users\ÄGAREN\Local Sites\fenix-portal\app\public\wp-content\themes\ollie-child\functions.php on line 273
[30-Sep-2026 18:48:33 UTC] PHP Parse error:  syntax error, unexpected token "=" in C:\Users\ÄGAREN\Local Sites\fenix-portal\app\public\wp-content\themes\ollie-child\functions.php on line 273
[30-Sep-2026 18:50:32 UTC] PHP Parse error:  syntax error, unexpected token "=" in C:\Users\ÄGAREN\Local Sites\fenix-portal\app\public\wp-content\themes\ollie-child\functions.php on line 275
[30-Sep-2026 18:51:07 UTC] PHP Parse error:  syntax error, unexpected token "=" in C:\Users\ÄGAREN\Local Sites\fenix-portal\app\public\wp-content\themes\ollie-child\functions.php on line 276
[30-Sep-2026 18:51:09 UTC] PHP Parse error:  syntax error, unexpected token "=" in C:\Users\ÄGAREN\Local Sites\fenix-portal\app\public\wp-content\themes\ollie-child\functions.php on line 276
[30-Sep-2026 18:52:49 UTC] PHP Parse error:  syntax error, unexpected token "=" in C:\Users\ÄGAREN\Local Sites\fenix-portal\app\public\wp-content\themes\ollie-child\functions.php on line 276
[30-Sep-2026 18:52:51 UTC] PHP Parse error:  syntax error, unexpected token "=" in C:\Users\ÄGAREN\Local Sites\fenix-portal\app\public\wp-content\themes\ollie-child\functions.php on line 276
[30-Sep-2026 18:53:42 UTC] PHP Parse error:  syntax error, unexpected token "=" in C:\Users\ÄGAREN\Local Sites\fenix-portal\app\public\wp-content\themes\ollie-child\functions.php on line 276
[30-Sep-2026 18:53:44 UTC] PHP Parse error:  syntax error, unexpected token "=" in C:\Users\ÄGAREN\Local Sites\fenix-portal\app\public\wp-content\themes\ollie-child\functions.php on line 276
[30-Sep-2026 18:55:05 UTC] PHP Parse error:  syntax error, unexpected token "=" in C:\Users\ÄGAREN\Local Sites\fenix-portal\app\public\wp-content\themes\ollie-child\functions.php on line 274
[30-Sep-2026 18:55:08 UTC] PHP Parse error:  syntax error, unexpected token "=" in C:\Users\ÄGAREN\Local Sites\fenix-portal\app\public\wp-content\themes\ollie-child\functions.php on line 274
[01-Oct-2026 08:58:57 UTC] PHP Parse error:  syntax error, unexpected token "foreach" in C:\Users\ÄGAREN\Local Sites\fenix-portal\app\public\wp-content\themes\ollie-child\functions.php on line 276
[01-Oct-2026 08:58:57 UTC] PHP Parse error:  syntax error, unexpected token "foreach" in C:\Users\ÄGAREN\Local Sites\fenix-portal\app\public\wp-content\themes\ollie-child\functions.php on line 276
[01-Oct-2026 09:00:34 UTC] PHP Parse error:  syntax error, unexpected token "foreach" in C:\Users\ÄGAREN\Local Sites\fenix-portal\app\public\wp-content\themes\ollie-child\functions.php on line 276
[01-Oct-2026 09:00:34 UTC] PHP Parse error:  syntax error, unexpected token "foreach" in C:\Users\ÄGAREN\Local Sites\fenix-portal\app\public\wp-content\themes\ollie-child\functions.php on line 276
[01-Oct-2026 09:00:39 UTC] PHP Parse error:  syntax error, unexpected token "foreach" in C:\Users\ÄGAREN\Local Sites\fenix-portal\app\public\wp-content\themes\ollie-child\functions.php on line 276
[01-Oct-2026 09:01:01 UTC] PHP Parse error:  syntax error, unexpected token "foreach" in C:\Users\ÄGAREN\Local Sites\fenix-portal\app\public\wp-content\themes\ollie-child\functions.php on line 274
[01-Oct-2026 09:01:01 UTC] PHP Parse error:  syntax error, unexpected token "foreach" in C:\Users\ÄGAREN\Local Sites\fenix-portal\app\public\wp-content\themes\ollie-child\functions.php on line 274
[01-Oct-2026 09:02:51 UTC] PHP Parse error:  syntax error, unexpected token "/" in C:\Users\ÄGAREN\Local Sites\fenix-portal\app\public\wp-content\themes\ollie-child\functions.php on line 344
[01-Oct-2026 09:02:51 UTC] PHP Parse error:  syntax error, unexpected token "/" in C:\Users\ÄGAREN\Local Sites\fenix-portal\app\public\wp-content\themes\ollie-child\functions.php on line 344
[01-Oct-2026 20:13:31 UTC] PHP Warning:  Undefined variable $out in C:\Users\ÄGAREN\Local Sites\fenix-portal\app\public\wp-content\themes\ollie-child\register-member-shortcode.php on line 192
[01-Oct-2026 20:13:51 UTC] PHP Warning:  Undefined variable $out in C:\Users\ÄGAREN\Local Sites\fenix-portal\app\public\wp-content\themes\ollie-child\register-member-shortcode.php on line 192
[01-Oct-2026 20:14:11 UTC] PHP Warning:  Undefined variable $out in C:\Users\ÄGAREN\Local Sites\fenix-portal\app\public\wp-content\themes\ollie-child\register-member-shortcode.php on line 192
